MPLINK 5.09, LINKER
Linker Map File - Created Sat Sep 27 15:09:42 2025

                                 Section Info
                  Section       Type    Address   Location Size(Bytes)
                ---------  ---------  ---------  ---------  ---------
                   .org_0       code   0x000000    program   0x00004a
                   .cinit    romdata   0x000025    program   0x000004
.config_2007_BUILD/DEFAULT/PRODUCTION/_EXT/11       code   0x002007    program   0x000002



                              Program Memory Usage 
                               Start         End      
                           ---------   ---------      
                            0x000000    0x000026      
                            0x002007    0x002007      
            40 out of 2182 program addresses used, program memory utilization is 1%



                              Symbols - Sorted by Name
                     Name    Address   Location    Storage File                     
                ---------  ---------  ---------  --------- ---------                
                    BEGIN   0x000020    program     static ..\..\Downloads\flash_led.asm
                   DELAY1   0x00000d    program     static ..\..\Downloads\flash_led.asm
                  DELAYP1   0x000001    program     static ..\..\Downloads\flash_led.asm
                  DELAYP5   0x000007    program     static ..\..\Downloads\flash_led.asm
                    LOOPA   0x000002    program     static ..\..\Downloads\flash_led.asm
                    LOOPB   0x000009    program     static ..\..\Downloads\flash_led.asm
                    LOOPC   0x00000f    program     static ..\..\Downloads\flash_led.asm
                    START   0x000013    program     static ..\..\Downloads\flash_led.asm



                              Symbols - Sorted by Address
                     Name    Address   Location    Storage File                     
                ---------  ---------  ---------  --------- ---------                
                  DELAYP1   0x000001    program     static ..\..\Downloads\flash_led.asm
                    LOOPA   0x000002    program     static ..\..\Downloads\flash_led.asm
                  DELAYP5   0x000007    program     static ..\..\Downloads\flash_led.asm
                    LOOPB   0x000009    program     static ..\..\Downloads\flash_led.asm
                   DELAY1   0x00000d    program     static ..\..\Downloads\flash_led.asm
                    LOOPC   0x00000f    program     static ..\..\Downloads\flash_led.asm
                    START   0x000013    program     static ..\..\Downloads\flash_led.asm
                    BEGIN   0x000020    program     static ..\..\Downloads\flash_led.asm


