MPLINK 5.09, LINKER
Linker Map File - Created Thu Oct 02 00:52:15 2025

                                 Section Info
                  Section       Type    Address   Location Size(Bytes)
                ---------  ---------  ---------  ---------  ---------
                   .org_0       code   0x000000    program   0x00006c
                   .cinit    romdata   0x000036    program   0x000004
.config_2007_BUILD/DEFAULT/PRODUCTION/6_LEDS_       code   0x002007    program   0x000002



                              Program Memory Usage 
                               Start         End      
                           ---------   ---------      
                            0x000000    0x000037      
                            0x002007    0x002007      
            57 out of 2182 program addresses used, program memory utilization is 2%



                              Symbols - Sorted by Name
                     Name    Address   Location    Storage File                     
                ---------  ---------  ---------  --------- ---------                
                    BEGIN   0x000018    program     static C:\Users\jdqg2\MPLABXProjects\Proyecto_6_LEDS.X\6_LEDS_bonito.asm
                  DELAY_1   0x000001    program     static C:\Users\jdqg2\MPLABXProjects\Proyecto_6_LEDS.X\6_LEDS_bonito.asm
               INNER_LOOP   0x000007    program     static C:\Users\jdqg2\MPLABXProjects\Proyecto_6_LEDS.X\6_LEDS_bonito.asm
                 MID_LOOP   0x000005    program     static C:\Users\jdqg2\MPLABXProjects\Proyecto_6_LEDS.X\6_LEDS_bonito.asm
               OUTER_LOOP   0x000003    program     static C:\Users\jdqg2\MPLABXProjects\Proyecto_6_LEDS.X\6_LEDS_bonito.asm
                    START   0x00000e    program     static C:\Users\jdqg2\MPLABXProjects\Proyecto_6_LEDS.X\6_LEDS_bonito.asm



                              Symbols - Sorted by Address
                     Name    Address   Location    Storage File                     
                ---------  ---------  ---------  --------- ---------                
                  DELAY_1   0x000001    program     static C:\Users\jdqg2\MPLABXProjects\Proyecto_6_LEDS.X\6_LEDS_bonito.asm
               OUTER_LOOP   0x000003    program     static C:\Users\jdqg2\MPLABXProjects\Proyecto_6_LEDS.X\6_LEDS_bonito.asm
                 MID_LOOP   0x000005    program     static C:\Users\jdqg2\MPLABXProjects\Proyecto_6_LEDS.X\6_LEDS_bonito.asm
               INNER_LOOP   0x000007    program     static C:\Users\jdqg2\MPLABXProjects\Proyecto_6_LEDS.X\6_LEDS_bonito.asm
                    START   0x00000e    program     static C:\Users\jdqg2\MPLABXProjects\Proyecto_6_LEDS.X\6_LEDS_bonito.asm
                    BEGIN   0x000018    program     static C:\Users\jdqg2\MPLABXProjects\Proyecto_6_LEDS.X\6_LEDS_bonito.asm


