MPLINK 5.09, LINKER
Linker Map File - Created Wed Sep 17 10:41:30 2025

                                 Section Info
                  Section       Type    Address   Location Size(Bytes)
                ---------  ---------  ---------  ---------  ---------
                   .org_0       code   0x000000    program   0x00004c
                   .cinit    romdata   0x000026    program   0x000004
.config_2007_BUILD/DEFAULT/PRODUCTION/DISCO.O       code   0x002007    program   0x000002



                              Program Memory Usage 
                               Start         End      
                           ---------   ---------      
                            0x000000    0x000027      
                            0x002007    0x002007      
            41 out of 2182 program addresses used, program memory utilization is 1%



                              Symbols - Sorted by Name
                     Name    Address   Location    Storage File                     
                ---------  ---------  ---------  --------- ---------                
                    DELAY   0x000001    program     static C:\Users\jdqg2\MPLABXProjects\disco.X\disco.asm
                     LOOP   0x00000e    program     static C:\Users\jdqg2\MPLABXProjects\disco.X\disco.asm
                     MAIN   0x00000a    program     static C:\Users\jdqg2\MPLABXProjects\disco.X\disco.asm
                dly_loop1   0x000003    program     static C:\Users\jdqg2\MPLABXProjects\disco.X\disco.asm
                dly_loop2   0x000005    program     static C:\Users\jdqg2\MPLABXProjects\disco.X\disco.asm



                              Symbols - Sorted by Address
                     Name    Address   Location    Storage File                     
                ---------  ---------  ---------  --------- ---------                
                    DELAY   0x000001    program     static C:\Users\jdqg2\MPLABXProjects\disco.X\disco.asm
                dly_loop1   0x000003    program     static C:\Users\jdqg2\MPLABXProjects\disco.X\disco.asm
                dly_loop2   0x000005    program     static C:\Users\jdqg2\MPLABXProjects\disco.X\disco.asm
                     MAIN   0x00000a    program     static C:\Users\jdqg2\MPLABXProjects\disco.X\disco.asm
                     LOOP   0x00000e    program     static C:\Users\jdqg2\MPLABXProjects\disco.X\disco.asm


