MPLINK 5.09, LINKER
Linker Map File - Created Wed Oct 01 23:35:47 2025

                                 Section Info
                  Section       Type    Address   Location Size(Bytes)
                ---------  ---------  ---------  ---------  ---------
                   .org_0       code   0x000000    program   0x00003a
                   .cinit    romdata   0x00001d    program   0x000004
.config_2007_BUILD/DEFAULT/PRODUCTION/LED_PAR       code   0x002007    program   0x000002



                              Program Memory Usage 
                               Start         End      
                           ---------   ---------      
                            0x000000    0x00001e      
                            0x002007    0x002007      
            32 out of 2182 program addresses used, program memory utilization is 1%



                              Symbols - Sorted by Name
                     Name    Address   Location    Storage File                     
                ---------  ---------  ---------  --------- ---------                
                    BEGIN   0x000018    program     static C:\Users\jdqg2\MPLABXProjects\LED_parpadea.X\LED_parpadea.asm
                  DELAY_1   0x000001    program     static C:\Users\jdqg2\MPLABXProjects\LED_parpadea.X\LED_parpadea.asm
               INNER_LOOP   0x000007    program     static C:\Users\jdqg2\MPLABXProjects\LED_parpadea.X\LED_parpadea.asm
                 MID_LOOP   0x000005    program     static C:\Users\jdqg2\MPLABXProjects\LED_parpadea.X\LED_parpadea.asm
               OUTER_LOOP   0x000003    program     static C:\Users\jdqg2\MPLABXProjects\LED_parpadea.X\LED_parpadea.asm
                    START   0x00000e    program     static C:\Users\jdqg2\MPLABXProjects\LED_parpadea.X\LED_parpadea.asm



                              Symbols - Sorted by Address
                     Name    Address   Location    Storage File                     
                ---------  ---------  ---------  --------- ---------                
                  DELAY_1   0x000001    program     static C:\Users\jdqg2\MPLABXProjects\LED_parpadea.X\LED_parpadea.asm
               OUTER_LOOP   0x000003    program     static C:\Users\jdqg2\MPLABXProjects\LED_parpadea.X\LED_parpadea.asm
                 MID_LOOP   0x000005    program     static C:\Users\jdqg2\MPLABXProjects\LED_parpadea.X\LED_parpadea.asm
               INNER_LOOP   0x000007    program     static C:\Users\jdqg2\MPLABXProjects\LED_parpadea.X\LED_parpadea.asm
                    START   0x00000e    program     static C:\Users\jdqg2\MPLABXProjects\LED_parpadea.X\LED_parpadea.asm
                    BEGIN   0x000018    program     static C:\Users\jdqg2\MPLABXProjects\LED_parpadea.X\LED_parpadea.asm


