MPLINK 5.09, LINKER
Linker Map File - Created Wed Nov 26 01:48:35 2025

                                 Section Info
                  Section       Type    Address   Location Size(Bytes)
                ---------  ---------  ---------  ---------  ---------
                   .org_0       code   0x000000    program   0x00003a
                   .cinit    romdata   0x00001d    program   0x000004
.config_2007_BUILD/DEFAULT/PRODUCTION/NEWASMT       code   0x002007    program   0x000002



                              Program Memory Usage 
                               Start         End      
                           ---------   ---------      
                            0x000000    0x00001e      
                            0x002007    0x002007      
            32 out of 2182 program addresses used, program memory utilization is 1%



                              Symbols - Sorted by Name
                     Name    Address   Location    Storage File                     
                ---------  ---------  ---------  --------- ---------                
                    BEGIN   0x00000b    program     static C:\Users\jdqg2\MPLABXProjects\Sesma_Switches.X\newAsmTemplate.asm
                    DELAY   0x000018    program     static C:\Users\jdqg2\MPLABXProjects\Sesma_Switches.X\newAsmTemplate.asm
               DELAY_LOOP   0x00001a    program     static C:\Users\jdqg2\MPLABXProjects\Sesma_Switches.X\newAsmTemplate.asm
                    PRESS   0x00000d    program     static C:\Users\jdqg2\MPLABXProjects\Sesma_Switches.X\newAsmTemplate.asm
                  RELEASE   0x000011    program     static C:\Users\jdqg2\MPLABXProjects\Sesma_Switches.X\newAsmTemplate.asm
                    START   0x000001    program     static C:\Users\jdqg2\MPLABXProjects\Sesma_Switches.X\newAsmTemplate.asm



                              Symbols - Sorted by Address
                     Name    Address   Location    Storage File                     
                ---------  ---------  ---------  --------- ---------                
                    START   0x000001    program     static C:\Users\jdqg2\MPLABXProjects\Sesma_Switches.X\newAsmTemplate.asm
                    BEGIN   0x00000b    program     static C:\Users\jdqg2\MPLABXProjects\Sesma_Switches.X\newAsmTemplate.asm
                    PRESS   0x00000d    program     static C:\Users\jdqg2\MPLABXProjects\Sesma_Switches.X\newAsmTemplate.asm
                  RELEASE   0x000011    program     static C:\Users\jdqg2\MPLABXProjects\Sesma_Switches.X\newAsmTemplate.asm
                    DELAY   0x000018    program     static C:\Users\jdqg2\MPLABXProjects\Sesma_Switches.X\newAsmTemplate.asm
               DELAY_LOOP   0x00001a    program     static C:\Users\jdqg2\MPLABXProjects\Sesma_Switches.X\newAsmTemplate.asm


