MPLINK 5.09, LINKER
Linker Map File - Created Tue Nov 04 22:47:39 2025

                                 Section Info
                  Section       Type    Address   Location Size(Bytes)
                ---------  ---------  ---------  ---------  ---------
                   .org_0       code   0x000000    program   0x000044
                   .cinit    romdata   0x000022    program   0x000004
.config_2007_BUILD/DEFAULT/PRODUCTION/BOMBA_A       code   0x002007    program   0x000002



                              Program Memory Usage 
                               Start         End      
                           ---------   ---------      
                            0x000000    0x000023      
                            0x002007    0x002007      
            37 out of 2182 program addresses used, program memory utilization is 1%



                              Symbols - Sorted by Name
                     Name    Address   Location    Storage File                     
                ---------  ---------  ---------  --------- ---------                
                    BEGIN   0x000018    program     static C:\Users\jdqg2\MPLABXProjects\Bomba_Agua.X\Bomba_Agua.asm
          CONDITION_FALSE   0x00001f    program     static C:\Users\jdqg2\MPLABXProjects\Bomba_Agua.X\Bomba_Agua.asm
           CONDITION_TRUE   0x00001d    program     static C:\Users\jdqg2\MPLABXProjects\Bomba_Agua.X\Bomba_Agua.asm
                DELAY_0_1   0x000001    program     static C:\Users\jdqg2\MPLABXProjects\Bomba_Agua.X\Bomba_Agua.asm
          DELAY_0_1_INNER   0x000007    program     static C:\Users\jdqg2\MPLABXProjects\Bomba_Agua.X\Bomba_Agua.asm
            DELAY_0_1_MID   0x000005    program     static C:\Users\jdqg2\MPLABXProjects\Bomba_Agua.X\Bomba_Agua.asm
          DELAY_0_1_OUTER   0x000003    program     static C:\Users\jdqg2\MPLABXProjects\Bomba_Agua.X\Bomba_Agua.asm
           DELAY_AND_LOOP   0x000020    program     static C:\Users\jdqg2\MPLABXProjects\Bomba_Agua.X\Bomba_Agua.asm
                    START   0x00000e    program     static C:\Users\jdqg2\MPLABXProjects\Bomba_Agua.X\Bomba_Agua.asm



                              Symbols - Sorted by Address
                     Name    Address   Location    Storage File                     
                ---------  ---------  ---------  --------- ---------                
                DELAY_0_1   0x000001    program     static C:\Users\jdqg2\MPLABXProjects\Bomba_Agua.X\Bomba_Agua.asm
          DELAY_0_1_OUTER   0x000003    program     static C:\Users\jdqg2\MPLABXProjects\Bomba_Agua.X\Bomba_Agua.asm
            DELAY_0_1_MID   0x000005    program     static C:\Users\jdqg2\MPLABXProjects\Bomba_Agua.X\Bomba_Agua.asm
          DELAY_0_1_INNER   0x000007    program     static C:\Users\jdqg2\MPLABXProjects\Bomba_Agua.X\Bomba_Agua.asm
                    START   0x00000e    program     static C:\Users\jdqg2\MPLABXProjects\Bomba_Agua.X\Bomba_Agua.asm
                    BEGIN   0x000018    program     static C:\Users\jdqg2\MPLABXProjects\Bomba_Agua.X\Bomba_Agua.asm
           CONDITION_TRUE   0x00001d    program     static C:\Users\jdqg2\MPLABXProjects\Bomba_Agua.X\Bomba_Agua.asm
          CONDITION_FALSE   0x00001f    program     static C:\Users\jdqg2\MPLABXProjects\Bomba_Agua.X\Bomba_Agua.asm
           DELAY_AND_LOOP   0x000020    program     static C:\Users\jdqg2\MPLABXProjects\Bomba_Agua.X\Bomba_Agua.asm


