MPLINK 5.09, LINKER
Linker Map File - Created Wed Dec 03 00:28:42 2025

                                 Section Info
                  Section       Type    Address   Location Size(Bytes)
                ---------  ---------  ---------  ---------  ---------
                   .org_0       code   0x000000    program   0x000094
                   .cinit    romdata   0x00004a    program   0x000004
.config_2007_BUILD/DEFAULT/PRODUCTION/NEWASMT       code   0x002007    program   0x000002



                              Program Memory Usage 
                               Start         End      
                           ---------   ---------      
                            0x000000    0x00004b      
                            0x002007    0x002007      
            77 out of 2182 program addresses used, program memory utilization is 3%



                              Symbols - Sorted by Name
                     Name    Address   Location    Storage File                     
                ---------  ---------  ---------  --------- ---------                
               BUCLE_MAIN   0x000027    program     static C:\Users\jdqg2\MPLABXProjects\dosBotonesCuatroLEDS.X\newAsmTemplate.asm
                CHECAR_B2   0x000034    program     static C:\Users\jdqg2\MPLABXProjects\dosBotonesCuatroLEDS.X\newAsmTemplate.asm
               DEL_1_42MS   0x000014    program     static C:\Users\jdqg2\MPLABXProjects\dosBotonesCuatroLEDS.X\newAsmTemplate.asm
         ESPERA_SUELTO_B1   0x000030    program     static C:\Users\jdqg2\MPLABXProjects\dosBotonesCuatroLEDS.X\newAsmTemplate.asm
         ESPERA_SUELTO_B2   0x000046    program     static C:\Users\jdqg2\MPLABXProjects\dosBotonesCuatroLEDS.X\newAsmTemplate.asm
                 EXT_LOOP   0x000003    program     static C:\Users\jdqg2\MPLABXProjects\dosBotonesCuatroLEDS.X\newAsmTemplate.asm
                   INICIO   0x00001c    program     static C:\Users\jdqg2\MPLABXProjects\dosBotonesCuatroLEDS.X\newAsmTemplate.asm
                 INT_LOOP   0x000007    program     static C:\Users\jdqg2\MPLABXProjects\dosBotonesCuatroLEDS.X\newAsmTemplate.asm
                 MED_LOOP   0x000005    program     static C:\Users\jdqg2\MPLABXProjects\dosBotonesCuatroLEDS.X\newAsmTemplate.asm
            RETARDO_0_71S   0x000001    program     static C:\Users\jdqg2\MPLABXProjects\dosBotonesCuatroLEDS.X\newAsmTemplate.asm
           RETARDO_1_42MS   0x000012    program     static C:\Users\jdqg2\MPLABXProjects\dosBotonesCuatroLEDS.X\newAsmTemplate.asm



                              Symbols - Sorted by Address
                     Name    Address   Location    Storage File                     
                ---------  ---------  ---------  --------- ---------                
            RETARDO_0_71S   0x000001    program     static C:\Users\jdqg2\MPLABXProjects\dosBotonesCuatroLEDS.X\newAsmTemplate.asm
                 EXT_LOOP   0x000003    program     static C:\Users\jdqg2\MPLABXProjects\dosBotonesCuatroLEDS.X\newAsmTemplate.asm
                 MED_LOOP   0x000005    program     static C:\Users\jdqg2\MPLABXProjects\dosBotonesCuatroLEDS.X\newAsmTemplate.asm
                 INT_LOOP   0x000007    program     static C:\Users\jdqg2\MPLABXProjects\dosBotonesCuatroLEDS.X\newAsmTemplate.asm
           RETARDO_1_42MS   0x000012    program     static C:\Users\jdqg2\MPLABXProjects\dosBotonesCuatroLEDS.X\newAsmTemplate.asm
               DEL_1_42MS   0x000014    program     static C:\Users\jdqg2\MPLABXProjects\dosBotonesCuatroLEDS.X\newAsmTemplate.asm
                   INICIO   0x00001c    program     static C:\Users\jdqg2\MPLABXProjects\dosBotonesCuatroLEDS.X\newAsmTemplate.asm
               BUCLE_MAIN   0x000027    program     static C:\Users\jdqg2\MPLABXProjects\dosBotonesCuatroLEDS.X\newAsmTemplate.asm
         ESPERA_SUELTO_B1   0x000030    program     static C:\Users\jdqg2\MPLABXProjects\dosBotonesCuatroLEDS.X\newAsmTemplate.asm
                CHECAR_B2   0x000034    program     static C:\Users\jdqg2\MPLABXProjects\dosBotonesCuatroLEDS.X\newAsmTemplate.asm
         ESPERA_SUELTO_B2   0x000046    program     static C:\Users\jdqg2\MPLABXProjects\dosBotonesCuatroLEDS.X\newAsmTemplate.asm


