MPLINK 5.09, LINKER
Linker Map File - Created Wed Oct 01 22:08:42 2025

                                 Section Info
                  Section       Type    Address   Location Size(Bytes)
                ---------  ---------  ---------  ---------  ---------
                   .org_0       code   0x000000    program   0x000074
                   .cinit    romdata   0x00003a    program   0x000004
.config_2007_BUILD/DEFAULT/PRODUCTION/ENCABEZ       code   0x002007    program   0x000002



                              Program Memory Usage 
                               Start         End      
                           ---------   ---------      
                            0x000000    0x00003b      
                            0x002007    0x002007      
            61 out of 2182 program addresses used, program memory utilization is 2%



                              Symbols - Sorted by Name
                     Name    Address   Location    Storage File                     
                ---------  ---------  ---------  --------- ---------                
                    BEGIN   0x000021    program     static C:\Users\jdqg2\MPLABXProjects\Encabezado.X\Encabezado.asm
                D0_1_LOOP   0x000003    program     static C:\Users\jdqg2\MPLABXProjects\Encabezado.X\Encabezado.asm
               D0_1_LOOP2   0x000005    program     static C:\Users\jdqg2\MPLABXProjects\Encabezado.X\Encabezado.asm
                D0_5_LOOP   0x00000d    program     static C:\Users\jdqg2\MPLABXProjects\Encabezado.X\Encabezado.asm
                  D1_LOOP   0x000013    program     static C:\Users\jdqg2\MPLABXProjects\Encabezado.X\Encabezado.asm
                DELAY_0_1   0x000001    program     static C:\Users\jdqg2\MPLABXProjects\Encabezado.X\Encabezado.asm
                DELAY_0_5   0x00000b    program     static C:\Users\jdqg2\MPLABXProjects\Encabezado.X\Encabezado.asm
                  DELAY_1   0x000011    program     static C:\Users\jdqg2\MPLABXProjects\Encabezado.X\Encabezado.asm
                    START   0x000017    program     static C:\Users\jdqg2\MPLABXProjects\Encabezado.X\Encabezado.asm



                              Symbols - Sorted by Address
                     Name    Address   Location    Storage File                     
                ---------  ---------  ---------  --------- ---------                
                DELAY_0_1   0x000001    program     static C:\Users\jdqg2\MPLABXProjects\Encabezado.X\Encabezado.asm
                D0_1_LOOP   0x000003    program     static C:\Users\jdqg2\MPLABXProjects\Encabezado.X\Encabezado.asm
               D0_1_LOOP2   0x000005    program     static C:\Users\jdqg2\MPLABXProjects\Encabezado.X\Encabezado.asm
                DELAY_0_5   0x00000b    program     static C:\Users\jdqg2\MPLABXProjects\Encabezado.X\Encabezado.asm
                D0_5_LOOP   0x00000d    program     static C:\Users\jdqg2\MPLABXProjects\Encabezado.X\Encabezado.asm
                  DELAY_1   0x000011    program     static C:\Users\jdqg2\MPLABXProjects\Encabezado.X\Encabezado.asm
                  D1_LOOP   0x000013    program     static C:\Users\jdqg2\MPLABXProjects\Encabezado.X\Encabezado.asm
                    START   0x000017    program     static C:\Users\jdqg2\MPLABXProjects\Encabezado.X\Encabezado.asm
                    BEGIN   0x000021    program     static C:\Users\jdqg2\MPLABXProjects\Encabezado.X\Encabezado.asm


