MPLINK 5.09, LINKER
Linker Map File - Created Thu Oct 09 17:56:02 2025

                                 Section Info
                  Section       Type    Address   Location Size(Bytes)
                ---------  ---------  ---------  ---------  ---------
                   .org_0       code   0x000000    program   0x0000d2
                   .cinit    romdata   0x000069    program   0x000004
.config_2007_BUILD/DEFAULT/PRODUCTION/SEMAFOR       code   0x002007    program   0x000002



                              Program Memory Usage 
                               Start         End      
                           ---------   ---------      
                            0x000000    0x00006a      
                            0x002007    0x002007      
            108 out of 2182 program addresses used, program memory utilization is 4%



                              Symbols - Sorted by Name
                     Name    Address   Location    Storage File                     
                ---------  ---------  ---------  --------- ---------                
                    BEGIN   0x00003f    program     static C:\Users\jdqg2\MPLABXProjects\Semaforo.X\semaforo.asm
                DELAY_0_2   0x000001    program     static C:\Users\jdqg2\MPLABXProjects\Semaforo.X\semaforo.asm
          DELAY_0_2_INNER   0x000007    program     static C:\Users\jdqg2\MPLABXProjects\Semaforo.X\semaforo.asm
            DELAY_0_2_MID   0x000005    program     static C:\Users\jdqg2\MPLABXProjects\Semaforo.X\semaforo.asm
          DELAY_0_2_OUTER   0x000003    program     static C:\Users\jdqg2\MPLABXProjects\Semaforo.X\semaforo.asm
                  DELAY_1   0x00000e    program     static C:\Users\jdqg2\MPLABXProjects\Semaforo.X\semaforo.asm
            DELAY_1_INNER   0x000014    program     static C:\Users\jdqg2\MPLABXProjects\Semaforo.X\semaforo.asm
              DELAY_1_MID   0x000012    program     static C:\Users\jdqg2\MPLABXProjects\Semaforo.X\semaforo.asm
            DELAY_1_OUTER   0x000010    program     static C:\Users\jdqg2\MPLABXProjects\Semaforo.X\semaforo.asm
                  DELAY_2   0x00001b    program     static C:\Users\jdqg2\MPLABXProjects\Semaforo.X\semaforo.asm
            DELAY_2_INNER   0x000021    program     static C:\Users\jdqg2\MPLABXProjects\Semaforo.X\semaforo.asm
              DELAY_2_MID   0x00001f    program     static C:\Users\jdqg2\MPLABXProjects\Semaforo.X\semaforo.asm
            DELAY_2_OUTER   0x00001d    program     static C:\Users\jdqg2\MPLABXProjects\Semaforo.X\semaforo.asm
                  DELAY_5   0x000028    program     static C:\Users\jdqg2\MPLABXProjects\Semaforo.X\semaforo.asm
            DELAY_5_INNER   0x00002e    program     static C:\Users\jdqg2\MPLABXProjects\Semaforo.X\semaforo.asm
              DELAY_5_MID   0x00002c    program     static C:\Users\jdqg2\MPLABXProjects\Semaforo.X\semaforo.asm
            DELAY_5_OUTER   0x00002a    program     static C:\Users\jdqg2\MPLABXProjects\Semaforo.X\semaforo.asm
                    START   0x000035    program     static C:\Users\jdqg2\MPLABXProjects\Semaforo.X\semaforo.asm



                              Symbols - Sorted by Address
                     Name    Address   Location    Storage File                     
                ---------  ---------  ---------  --------- ---------                
                DELAY_0_2   0x000001    program     static C:\Users\jdqg2\MPLABXProjects\Semaforo.X\semaforo.asm
          DELAY_0_2_OUTER   0x000003    program     static C:\Users\jdqg2\MPLABXProjects\Semaforo.X\semaforo.asm
            DELAY_0_2_MID   0x000005    program     static C:\Users\jdqg2\MPLABXProjects\Semaforo.X\semaforo.asm
          DELAY_0_2_INNER   0x000007    program     static C:\Users\jdqg2\MPLABXProjects\Semaforo.X\semaforo.asm
                  DELAY_1   0x00000e    program     static C:\Users\jdqg2\MPLABXProjects\Semaforo.X\semaforo.asm
            DELAY_1_OUTER   0x000010    program     static C:\Users\jdqg2\MPLABXProjects\Semaforo.X\semaforo.asm
              DELAY_1_MID   0x000012    program     static C:\Users\jdqg2\MPLABXProjects\Semaforo.X\semaforo.asm
            DELAY_1_INNER   0x000014    program     static C:\Users\jdqg2\MPLABXProjects\Semaforo.X\semaforo.asm
                  DELAY_2   0x00001b    program     static C:\Users\jdqg2\MPLABXProjects\Semaforo.X\semaforo.asm
            DELAY_2_OUTER   0x00001d    program     static C:\Users\jdqg2\MPLABXProjects\Semaforo.X\semaforo.asm
              DELAY_2_MID   0x00001f    program     static C:\Users\jdqg2\MPLABXProjects\Semaforo.X\semaforo.asm
            DELAY_2_INNER   0x000021    program     static C:\Users\jdqg2\MPLABXProjects\Semaforo.X\semaforo.asm
                  DELAY_5   0x000028    program     static C:\Users\jdqg2\MPLABXProjects\Semaforo.X\semaforo.asm
            DELAY_5_OUTER   0x00002a    program     static C:\Users\jdqg2\MPLABXProjects\Semaforo.X\semaforo.asm
              DELAY_5_MID   0x00002c    program     static C:\Users\jdqg2\MPLABXProjects\Semaforo.X\semaforo.asm
            DELAY_5_INNER   0x00002e    program     static C:\Users\jdqg2\MPLABXProjects\Semaforo.X\semaforo.asm
                    START   0x000035    program     static C:\Users\jdqg2\MPLABXProjects\Semaforo.X\semaforo.asm
                    BEGIN   0x00003f    program     static C:\Users\jdqg2\MPLABXProjects\Semaforo.X\semaforo.asm


